Microchip MPLAB XC8 Compiler V2.40

Linker command line:

-W-3 \
  --edf=C:\Program Files\Microchip\xc8\v2.40\pic\dat\20220703182018_en.msgs \
  -cn -h+dist/default/production\Dig2LAB01.X.production.sym \
  --cmf=dist/default/production\Dig2LAB01.X.production.cmf -z -Q16F887 \
  -oC:\Users\carlo\AppData\Local\Temp\xcAsles.4 --defsym=__MPLAB_BUILD=1 \
  --fixupoverflow=error \
  -Mdist/default/production/Dig2LAB01.X.production.map \
  --md=C:\Users\carlo\AppData\Local\Temp\xcAsles.dat -E1 -ver=XC8 Compiler \
  --acfsm=1493 -ACODE=00h-07FFhx4 -ASTRCODE=00h-01FFFh -ASTRING=00h-0FFhx32 \
  -ACONST=00h-0FFhx32 -AENTRY=00h-0FFhx32 -ACOMMON=070h-07Fh \
  -ABANK0=020h-06Fh -ABANK1=0A0h-0EFh -ABANK2=0110h-016Fh \
  -ABANK3=0190h-01EFh -ARAM=020h-06Fh,0A0h-0EFh,0110h-016Fh,0190h-01EFh \
  -AABS1=020h-07Fh,0A0h-0EFh,0110h-016Fh,0190h-01EFh -ASFR0=00h-01Fh \
  -ASFR1=080h-09Fh -ASFR2=0100h-010Fh -ASFR3=0180h-018Fh \
  -ACONFIG=02007h-02008h -DCONFIG=2 -AIDLOC=02000h-02003h -DIDLOC=2 \
  -AEEDATA=00h-0FFh/02100h -peeprom_data=EEDATA -DEEDATA=2 -DCODE=2 \
  -DSTRCODE=2 -DSTRING=2 -DCONST=2 -DENTRY=2 \
  -preset_vec=00h,intentry=04h,init,end_init -ppowerup=CODE -pcinit=CODE \
  -pfunctab=ENTRY -k C:\Users\carlo\AppData\Local\Temp\xcAsles.o \
  dist/default/production\Dig2LAB01.X.production.o 

Object code version is 3.11

Machine type is 16F887



                Name                               Link     Load   Length Selector   Space Scale
C:\Users\carlo\AppData\Local\Temp\xcAsles.o
                end_init                              C        C        3        8       0
                reset_vec                             0        0        3        0       0
                config                             2007     2007        2        0       4
                idloc                              2000     2000        4        0       5
dist/default/production\Dig2LAB01.X.production.o
                cinit                                 F        F       1A        8       0
                intentry                              4        4        8        8       0
                config                             2007     2007        2        0       4
                idloc                              2000     2000        4        0       5
                text8                               1CD      1CD        A        8       0
                text7                                E9       E9       4C        8       0
                text6                               1B4      1B4        F        8       0
                text5                               156      156       21        8       0
                text4                                29       29       69        8       0
                text3                               177      177       19        8       0
                text2                               1C3      1C3        A        8       0
                text1                               135      135       21        8       0
                maintext                             92       92       57        8       0
                cstackBANK0                          31       31        D       20       1
                cstackCOMMON                         70       70        7       70       1
                inittext                            190      190       13        8       0
                dataBANK0                            20       20       11       20       1
                bssBANK0                             3E       3E        5       20       1
                bssCOMMON                            77       77        3       70       1
                idataBANK0                          1A3      1A3       11        8       0

TOTAL           Name                               Link     Load   Length     Space
        CLASS   CODE           
                end_init                              C        C        3         0
                cinit                                 F        F       1A         0
                intentry                              4        4        8         0
                reset_vec                             0        0        3         0
                text8                               1CD      1CD        A         0
                text7                                E9       E9       4C         0
                text6                               1B4      1B4        F         0
                text5                               156      156       21         0
                text4                                29       29       69         0
                text3                               177      177       19         0
                text2                               1C3      1C3        A         0
                text1                               135      135       21         0
                maintext                             92       92       57         0
                inittext                            190      190       13         0
                idataBANK0                          1A3      1A3       11         0

        CLASS   STRCODE        

        CLASS   STRING         

        CLASS   CONST          

        CLASS   ENTRY          

        CLASS   COMMON         
                cstackCOMMON                         70       70        7         1
                bssCOMMON                            77       77        3         1

        CLASS   BANK0          
                cstackBANK0                          31       31        D         1
                dataBANK0                            20       20       11         1
                bssBANK0                             3E       3E        5         1

        CLASS   BANK1          

        CLASS   BANK2          

        CLASS   BANK3          

        CLASS   RAM            

        CLASS   ABS1           
                abs_s1                               7E       7E        2         1

        CLASS   SFR0           

        CLASS   SFR1           

        CLASS   SFR2           

        CLASS   SFR3           

        CLASS   CONFIG         
                config                             2007     2007        2         4

        CLASS   IDLOC          
                idloc                              2000     2000        4         5

        CLASS   EEDATA         

        CLASS   STACK          



SEGMENTS        Name                           Load    Length   Top    Selector   Space  Class     Delta

                reset_vec                      000000  000003  000003         0       0  CODE        2
                intentry                       000004  0001D3  0001D7         8       0  CODE        2
                dataBANK0                      000020  000023  000043        20       1  BANK0       1
                cstackCOMMON                   000070  00000A  00007A        70       1  COMMON      1


UNUSED ADDRESS RANGES

        Name                Unused          Largest block    Delta
        BANK0            0043-006F             2D           1
        BANK1            00A0-00EF             50           1
        BANK2            0110-016F             60           1
        BANK3            0190-01EF             60           1
        CODE             0003-0003              1           2
                         01D7-1FFF            800
        COMMON           007A-007D              4           1
        CONST            0003-0003              1           2
                         01D7-1FFF            100
        EEDATA           2100-21FF            100           2
        ENTRY            0003-0003              1           2
                         01D7-1FFF            100
        RAM              0043-006F             2D           1
                         00A0-00EF             50
                         0110-016F             60
                         0190-01EF             60
        SFR0             0000-001F             20           1
        SFR1             0080-009F             20           1
        SFR2             0100-010F             10           1
        SFR3             0180-018F             10           1
        STRCODE          0003-0003              1           2
                         01D7-1FFF           1E29
        STRING           0003-0003              1           2
                         01D7-1FFF            100

                                  Symbol Table

?___awdiv                cstackBANK0  0031
?_adc_read               cstackCOMMON 0070
_ADCON0bits              (abs)        001F
_ADCON1bits              (abs)        009F
_ADRESH                  (abs)        001E
_ANSEL                   (abs)        0188
_ANSELH                  (abs)        0189
_INTCONbits              (abs)        000B
_IOCB                    (abs)        0096
_OPTION_REGbits          (abs)        0081
_OSCCONbits              (abs)        008F
_PIE1bits                (abs)        008C
_PIR1bits                (abs)        000C
_PORTA                   (abs)        0005
_PORTB                   (abs)        0006
_PORTBbits               (abs)        0006
_PORTC                   (abs)        0007
_PORTCbits               (abs)        0007
_PORTD                   (abs)        0008
_PORTE                   (abs)        0009
_TMR0                    (abs)        0001
_TMR0_init               text6        01B4
_TRISA                   (abs)        0085
_TRISB                   (abs)        0086
_TRISC                   (abs)        0087
_TRISD                   (abs)        0088
_TRISEbits               (abs)        0089
_WPUBbits                (abs)        0095
__Habs1                  abs1         0000
__Hbank0                 bank0        0000
__Hbank1                 bank1        0000
__Hbank2                 bank2        0000
__Hbank3                 bank3        0000
__HbssBANK0              bssBANK0     0000
__HbssCOMMON             bssCOMMON    0000
__Hcinit                 cinit        0029
__Hclrtext               clrtext      0000
__Hcode                  code         0000
__Hcommon                common       0000
__Hconfig                config       2009
__HcstackBANK0           cstackBANK0  0000
__HcstackCOMMON          cstackCOMMON 0000
__HdataBANK0             dataBANK0    0000
__Heeprom_data           eeprom_data  0000
__Hend_init              end_init     000F
__Hfunctab               functab      0000
__HidataBANK0            idataBANK0   0000
__Hidloc                 idloc        2004
__Hinit                  init         000C
__Hinittext              inittext     0000
__Hintentry              intentry     000C
__Hmaintext              maintext     0000
__Hpowerup               powerup      0000
__Hram                   ram          0000
__Hreset_vec             reset_vec    0003
__Hsfr0                  sfr0         0000
__Hsfr1                  sfr1         0000
__Hsfr2                  sfr2         0000
__Hsfr3                  sfr3         0000
__Hspace_0               (abs)        01D7
__Hspace_1               (abs)        007A
__Hspace_2               (abs)        0000
__Hspace_3               (abs)        0000
__Hspace_4               (abs)        4010
__Hstack                 stack        0000
__Hstrings               strings      0000
__Htext                  text         0000
__Labs1                  abs1         0000
__Lbank0                 bank0        0000
__Lbank1                 bank1        0000
__Lbank2                 bank2        0000
__Lbank3                 bank3        0000
__LbssBANK0              bssBANK0     0000
__LbssCOMMON             bssCOMMON    0000
__Lcinit                 cinit        000F
__Lclrtext               clrtext      0000
__Lcode                  code         0000
__Lcommon                common       0000
__Lconfig                config       0000
__LcstackBANK0           cstackBANK0  0000
__LcstackCOMMON          cstackCOMMON 0000
__LdataBANK0             dataBANK0    0000
__Leeprom_data           eeprom_data  0000
__Lend_init              end_init     000C
__Lfunctab               functab      0000
__LidataBANK0            idataBANK0   0000
__Lidloc                 idloc        0000
__Linit                  init         000C
__Linittext              inittext     0000
__Lintentry              intentry     0004
__Lmaintext              maintext     0000
__Lpowerup               powerup      0000
__Lram                   ram          0000
__Lreset_vec             reset_vec    0000
__Lsfr0                  sfr0         0000
__Lsfr1                  sfr1         0000
__Lsfr2                  sfr2         0000
__Lsfr3                  sfr3         0000
__Lspace_0               (abs)        0000
__Lspace_1               (abs)        0000
__Lspace_2               (abs)        0000
__Lspace_3               (abs)        0000
__Lspace_4               (abs)        0000
__Lstack                 stack        0000
__Lstrings               strings      0000
__Ltext                  text         0000
__S0                     (abs)        01D7
__S1                     (abs)        007A
__S3                     (abs)        0000
___awdiv                 text4        0029
___awdiv@counter         cstackBANK0  0036
___awdiv@dividend        cstackBANK0  0033
___awdiv@divisor         cstackBANK0  0031
___awdiv@quotient        cstackBANK0  0038
___awdiv@sign            cstackBANK0  0037
___int_sp                stack        0000
___latbits               (abs)        0002
___sp                    stack        0000
___stackhi               (abs)        0000
___stacklo               (abs)        0000
__end_of_TMR0_init       text6        01C3
__end_of___awdiv         text4        0092
__end_of__initialization cinit        0025
__end_of_adc_init        text5        0177
__end_of_adc_read        text8        01D7
__end_of_displayHex      text3        0190
__end_of_ioc_init        text2        01CD
__end_of_isr             text7        0135
__end_of_main            maintext     00E9
__end_of_setup           text1        0156
__initialization         cinit        000F
__pbssBANK0              bssBANK0     003E
__pbssCOMMON             bssCOMMON    0077
__pcstackBANK0           cstackBANK0  0031
__pcstackCOMMON          cstackCOMMON 0070
__pdataBANK0             dataBANK0    0020
__pidataBANK0            idataBANK0   01A3
__pintentry              intentry     0004
__pmaintext              maintext     0092
__ptext1                 text1        0135
__ptext2                 text2        01C3
__ptext3                 text3        0177
__ptext4                 text4        0029
__ptext5                 text5        0156
__ptext6                 text6        01B4
__ptext7                 text7        00E9
__ptext8                 text8        01CD
_adc_init                text5        0156
_adc_read                text8        01CD
_decenas                 bssBANK0     0042
_disp_val                bssCOMMON    0077
_displayHex              text3        0177
_flag                    bssCOMMON    0079
_ioc_init                text2        01C3
_isr                     text7        00E9
_main                    maintext     0092
_residuo                 bssBANK0     0040
_setup                   text1        0135
_tabla                   dataBANK0    0020
_unidades                bssBANK0     0041
_valor_ADC               bssBANK0     003E
adc_init@channel         cstackBANK0  0031
btemp                    (abs)        007E
displayHex@num           cstackBANK0  003A
end_of_initialization    cinit        0025
init_fetch0              inittext     0190
init_ram0                inittext     0194
interrupt_function       intentry     0004
intlevel0                functab      0000
intlevel1                functab      0000
intlevel2                functab      0000
intlevel3                functab      0000
intlevel4                functab      0000
intlevel5                functab      0000
ioc_init@pin             cstackBANK0  0031
reset_vec                reset_vec    0000
saved_w                  (abs)        007E
start                    init         000C
start_initialization     cinit        000F
wtemp0                   (abs)        007E


MODULE INFORMATION

Module		Function		Class		Link	Load	Size
C:\Program Files\Microchip\xc8\v2.40\pic\sources\c90\common\awdiv.c
		___awdiv       		CODE           	0029	0000	105

C:\Program Files\Microchip\xc8\v2.40\pic\sources\c90\common\awdiv.c estimated size: 105

PostLab01.c
		_main          		CODE           	0092	0000	87
		_isr           		CODE           	00E9	0000	76
		_setup         		CODE           	0135	0000	33

PostLab01.c estimated size: 196

ConfgTMR0.c
		_TMR0_init     		CODE           	01B4	0000	15

ConfgTMR0.c estimated size: 15

shared
		__initialization		CODE           	000F	0000	22

shared estimated size: 22

ConfgADC.c
		_adc_read      		CODE           	01CD	0000	10
		_adc_init      		CODE           	0156	0000	33

ConfgADC.c estimated size: 43

InterruptOnChange.c
		_ioc_init      		CODE           	01C3	0000	10

InterruptOnChange.c estimated size: 10

DisplayHex.c
		_displayHex    		CODE           	0177	0000	25

DisplayHex.c estimated size: 25

